{"command": "evaluation", "event": "CommandStarted"}
{"event": "RunStarted", "profile_id": "profile_1"}
{"command": "start", "event": "Commanded", "intervention": "", "step": 0, "verdict": "accepted", "via": "panel"}
{"confirmed": false, "event": "Interpreted", "outputs": 0, "records": 0}
{"alternate": false, "event": "Observed", "mode": "visual", "provenance": "requested", "status": "complete", "step": 1}
{"event": "Refused", "kind": "click", "reason": "record_evidence_missing", "step": 2}
{"ask": "person", "event": "Paused", "intervention": "request_1", "step": 2, "trigger": "record_evidence_required"}
{"control": "button", "detail": "", "event": "ManualAction", "frame": [], "intervention": "request_1", "kind": "click", "owned": false, "route": "route_1", "secret": false, "sequence": 1, "step": 2}
{"command": "resume", "event": "Commanded", "intervention": "request_1", "step": 2, "verdict": "accepted", "via": "panel"}
{"event": "HandedBack", "events": 1, "failure": null, "gaps": 0, "interrupted": "pending", "intervention": "request_1", "passed": true, "step": 2}
{"event": "Escalated", "intervention": "request_1", "outcome": "resumed", "step": 2, "trigger": "record_evidence_required"}
{"alternate": false, "event": "Observed", "mode": "structured", "provenance": "post_intervention", "status": "complete", "step": 2}
{"event": "Decided", "kind": null, "step": 3}
{"checks": 1, "event": "Verified", "passed": 1, "step": 3, "uncovered": 0}
{"detail": "<redacted>", "ending": "completed", "event": "RunEnded", "steps": 3}
{"event": "RunStarted", "profile_id": "profile_1"}
{"command": "start", "event": "Commanded", "intervention": "", "step": 0, "verdict": "accepted", "via": "panel"}
{"confirmed": false, "event": "Interpreted", "outputs": 0, "records": 0}
{"command": "stop", "event": "Commanded", "intervention": "", "step": 1, "verdict": "accepted", "via": "panel"}
{"event": "Superseded", "step": 1}
{"ask": "pause", "event": "Paused", "intervention": "request_1", "step": 0, "trigger": null}
{"command": "resume", "event": "Commanded", "intervention": "request_1", "step": 0, "verdict": "accepted", "via": "panel"}
{"event": "HandedBack", "events": 0, "failure": null, "gaps": 0, "interrupted": "pending", "intervention": "request_1", "passed": true, "step": 0}
{"alternate": false, "event": "Observed", "mode": "structured", "provenance": "post_intervention", "status": "complete", "step": 0}
{"action_step": 1, "event": "Flagged", "kind": "click", "route": "route_2", "source": "operator", "step": 1}
{"event": "Decided", "kind": "click", "step": 1}
{"ask": "approval", "event": "Paused", "intervention": "request_2", "step": 1, "trigger": "risky_action"}
{"command": "approve", "event": "Commanded", "intervention": "request_2", "step": 1, "verdict": "accepted", "via": "panel"}
{"event": "HandedBack", "events": 0, "failure": null, "gaps": 0, "interrupted": "pending", "intervention": "request_2", "passed": true, "step": 1}
{"event": "Escalated", "intervention": "request_2", "outcome": "approved", "step": 1, "trigger": "risky_action"}
{"event": "Acted", "flagged": false, "kind": "click", "outcome": "ok", "route": "route_2", "secret_name": null, "side_effects": [], "step": 1, "target_kind": "DomLocator", "value_source": "none"}
{"alternate": false, "event": "Observed", "mode": "structured", "provenance": "post_action", "status": "complete", "step": 1}
{"event": "Decided", "kind": null, "step": 2}
{"checks": 1, "event": "Verified", "passed": 1, "step": 2, "uncovered": 0}
{"detail": "<redacted>", "ending": "completed", "event": "RunEnded", "steps": 2}
{"event": "RunStarted", "profile_id": "profile_1"}
{"command": "start", "event": "Commanded", "intervention": "", "step": 0, "verdict": "accepted", "via": "panel"}
{"confirmed": false, "event": "Interpreted", "outputs": 0, "records": 0}
{"alternate": false, "event": "Observed", "mode": "structured", "provenance": "requested", "status": "complete", "step": 1}
{"action_step": 2, "event": "Flagged", "kind": "click", "route": "route_2", "source": "operator", "step": 2}
{"event": "Decided", "kind": "click", "step": 2}
{"ask": "approval", "event": "Paused", "intervention": "request_1", "step": 2, "trigger": "risky_action"}
{"command": "resume", "event": "Commanded", "intervention": "request_1", "step": 2, "verdict": "accepted", "via": "panel"}
{"event": "HandedBack", "events": 0, "failure": null, "gaps": 0, "interrupted": "pending", "intervention": "request_1", "passed": true, "step": 2}
{"event": "Escalated", "intervention": "request_1", "outcome": "resumed", "step": 2, "trigger": "risky_action"}
{"alternate": false, "event": "Observed", "mode": "structured", "provenance": "post_intervention", "status": "complete", "step": 2}
{"event": "Decided", "kind": "click", "step": 3}
{"ask": "approval", "event": "Paused", "intervention": "request_2", "step": 3, "trigger": "risky_action"}
{"command": "terminate", "event": "Commanded", "intervention": "request_2", "step": 3, "verdict": "accepted", "via": "panel"}
{"event": "Escalated", "intervention": "request_2", "outcome": "terminated", "step": 3, "trigger": "risky_action"}
{"checks": [], "event": "FailureEvidence", "expected": ["goal_coverage"], "node": "", "observed": {"controls": [{"enabled": true, "field": false, "frame": 1, "group": 0, "protected": false, "role": "heading", "visible": true}, {"enabled": true, "field": false, "frame": 1, "group": 1, "protected": false, "role": "heading", "visible": true}, {"enabled": true, "field": false, "frame": 1, "group": 1, "protected": false, "role": "other", "visible": true}, {"enabled": true, "field": false, "frame": 1, "group": 1, "protected": false, "role": "other", "visible": true}, {"enabled": true, "field": false, "frame": 1, "group": 1, "protected": false, "role": "other", "visible": true}, {"enabled": true, "field": true, "frame": 1, "group": 1, "protected": false, "role": "textbox", "visible": true}, {"enabled": true, "field": false, "frame": 1, "group": 1, "protected": false, "role": "other", "visible": true}, {"enabled": true, "field": true, "frame": 1, "group": 1, "protected": false, "role": "textbox", "visible": true}, {"enabled": true, "field": false, "frame": 1, "group": 1, "protected": false, "role": "button", "visible": true}, {"enabled": true, "field": true, "frame": 1, "group": 1, "protected": false, "role": "button", "visible": true}, {"enabled": true, "field": false, "frame": 1, "group": 1, "protected": false, "role": "other", "visible": true}, {"enabled": true, "field": false, "frame": 1, "group": 1, "protected": false, "role": "status", "visible": true}, {"enabled": true, "field": false, "frame": 1, "group": 1, "protected": false, "role": "other", "visible": true}, {"enabled": true, "field": false, "frame": 1, "group": 1, "protected": false, "role": "status", "visible": true}, {"enabled": true, "field": false, "frame": 1, "group": 1, "protected": false, "role": "button", "visible": true}, {"enabled": true, "field": false, "frame": 1, "group": 1, "protected": false, "role": "button", "visible": true}, {"enabled": true, "field": false, "frame": 1, "group": 1, "protected": false, "role": "button", "visible": true}, {"enabled": true, "field": false, "frame": 1, "group": 1, "protected": false, "role": "button", "visible": true}, {"enabled": true, "field": false, "frame": 1, "group": 1, "protected": false, "role": "button", "visible": true}, {"enabled": true, "field": false, "frame": 1, "group": 1, "protected": false, "role": "button", "visible": true}, {"enabled": true, "field": false, "frame": 1, "group": 2, "protected": false, "role": "heading", "visible": true}, {"enabled": true, "field": false, "frame": 1, "group": 2, "protected": false, "role": "other", "visible": true}, {"enabled": true, "field": true, "frame": 1, "group": 2, "protected": false, "role": "textbox", "visible": true}, {"enabled": true, "field": false, "frame": 1, "group": 2, "protected": false, "role": "other", "visible": true}, {"enabled": true, "field": true, "frame": 1, "group": 2, "protected": false, "role": "textbox", "visible": true}, {"enabled": true, "field": false, "frame": 1, "group": 2, "protected": false, "role": "button", "visible": true}, {"enabled": true, "field": false, "frame": 1, "group": 2, "protected": false, "role": "other", "visible": true}, {"enabled": true, "field": false, "frame": 1, "group": 2, "protected": false, "role": "status", "visible": true}, {"enabled": true, "field": false, "frame": 1, "group": 3, "protected": false, "role": "heading", "visible": true}, {"enabled": true, "field": false, "frame": 1, "group": 3, "protected": false, "role": "other", "visible": true}, {"enabled": true, "field": true, "frame": 1, "group": 3, "protected": false, "role": "textbox", "visible": true}, {"enabled": true, "field": false, "frame": 1, "group": 3, "protected": false, "role": "other", "visible": true}, {"enabled": true, "field": false, "frame": 1, "group": 3, "protected": false, "role": "status", "visible": true}], "counted": true, "dialog": false, "shown": 33, "status": "complete", "total": 33, "truncated": false}, "reason": "terminated", "step": 3}
{"detail": "<redacted>", "ending": "terminated", "event": "RunEnded", "steps": 3}
{"event": "RunStarted", "profile_id": "profile_1"}
{"command": "start", "event": "Commanded", "intervention": "", "step": 0, "verdict": "accepted", "via": "panel"}
{"confirmed": false, "event": "Interpreted", "outputs": 0, "records": 0}
{"alternate": false, "event": "Observed", "mode": "structured", "provenance": "requested", "status": "complete", "step": 1}
{"event": "Decided", "kind": null, "step": 2}
{"ask": "person", "event": "Paused", "intervention": "request_1", "step": 2, "trigger": "missing_user_input"}
{"control": "textbox", "detail": "", "event": "ManualAction", "frame": [], "intervention": "request_1", "kind": "click", "owned": false, "route": "route_2", "secret": false, "sequence": 1, "step": 2}
{"control": "textbox", "detail": "", "event": "ManualAction", "frame": [], "intervention": "request_1", "kind": "edit", "owned": false, "route": "route_2", "secret": false, "sequence": 2, "step": 2}
{"command": "resume", "event": "Commanded", "intervention": "request_1", "step": 2, "verdict": "accepted", "via": "panel"}
{"event": "HandedBack", "events": 2, "failure": null, "gaps": 0, "interrupted": "none", "intervention": "request_1", "passed": true, "step": 2}
{"event": "Escalated", "intervention": "request_1", "outcome": "resumed", "step": 2, "trigger": "missing_user_input"}
{"alternate": false, "event": "Observed", "mode": "structured", "provenance": "post_intervention", "status": "complete", "step": 2}
{"event": "Decided", "kind": null, "step": 3}
{"checks": 1, "event": "Verified", "passed": 1, "step": 3, "uncovered": 0}
{"detail": "<redacted>", "ending": "completed", "event": "RunEnded", "steps": 3}
{"code": 0, "event": "CommandEnded"}
