{"command": "replay", "event": "CommandStarted"}
{"event": "Fields", "fields": {"memo": "<memo>"}, "source": "input"}
{"event": "Fields", "fields": {"session_pin": "<session_pin>"}, "source": "secret"}
{"capability": "capability_1", "event": "ReplayStarted", "profile_id": "profile_1", "run": "run_1", "version": 1}
{"event": "NodeVisited", "kind": "action", "node": "node_1", "step": 1}
{"approval": false, "denial": null, "event": "Gated", "kind": "type", "node": "node_1", "route": "route_1"}
{"delivery": "completed", "event": "Dispatched", "kind": "type", "node": "node_1", "outcome": "ok"}
{"edge": 0, "event": "Transitioned", "node": "node_1", "to": "node_2"}
{"event": "NodeVisited", "kind": "action", "node": "node_2", "step": 2}
{"approval": false, "denial": null, "event": "Gated", "kind": "type", "node": "node_2", "route": "route_1"}
{"delivery": "completed", "event": "Dispatched", "kind": "type", "node": "node_2", "outcome": "ok"}
{"edge": 0, "event": "Transitioned", "node": "node_2", "to": "node_3"}
{"event": "NodeVisited", "kind": "action", "node": "node_3", "step": 3}
{"approval": false, "denial": null, "event": "Gated", "kind": "click", "node": "node_3", "route": "route_1"}
{"delivery": "uncertain", "event": "Dispatched", "kind": "click", "node": "node_3", "outcome": "ok"}
{"ask": "approval", "event": "Paused", "intervention": "request_1", "step": 3, "trigger": "delivery_uncertain"}
{"answer": "timed_out", "ask": "approval", "event": "Helped", "node": "node_3", "reason": "delivery_uncertain"}
{"checks": [{"form": "<redacted>", "frames": 0, "held": false, "match": "equals", "name": "constant", "role": "heading", "scope": "", "tag": "shows"}, {"form": "<redacted>", "frames": 0, "held": false, "match": "equals", "name": "constant", "role": "heading", "scope": "", "tag": "shows"}, {"form": "<redacted>", "frames": 0, "held": false, "match": "equals", "name": "constant", "role": "heading", "scope": "", "tag": "shows"}, {"form": "<redacted>", "frames": 0, "held": false, "match": "equals", "name": "constant", "role": "heading", "scope": "", "tag": "shows"}, {"form": "<redacted>", "frames": 0, "held": false, "match": "equals", "name": "constant", "role": "heading", "scope": "", "tag": "shows"}], "event": "FailureEvidence", "expected": ["shows"], "node": "node_3", "observed": {"controls": [{"enabled": true, "field": false, "frame": 1, "group": 0, "protected": false, "role": "heading", "visible": true}, {"enabled": true, "field": false, "frame": 1, "group": 0, "protected": false, "role": "other", "visible": true}, {"enabled": true, "field": true, "frame": 1, "group": 0, "protected": false, "role": "textbox", "visible": true}, {"enabled": true, "field": false, "frame": 1, "group": 0, "protected": false, "role": "other", "visible": true}], "counted": true, "dialog": false, "shown": 4, "status": "complete", "total": 4, "truncated": false}, "reason": "help_timed_out", "step": 3}
{"event": "ReplayEnded", "node": "node_3", "reason": "help_timed_out", "status": "help_timed_out", "steps": 3}
{"event": "Fields", "fields": {}, "source": "output"}
{"code": 3, "event": "CommandEnded"}
