{"command": "replay", "event": "CommandStarted"}
{"event": "Fields", "fields": {"memo": "<memo>"}, "source": "input"}
{"event": "Fields", "fields": {"session_pin": "<session_pin>"}, "source": "secret"}
{"capability": "capability_1", "event": "ReplayStarted", "profile_id": "profile_1", "run": "run_1", "version": 1}
{"event": "NodeVisited", "kind": "action", "node": "node_1", "step": 1}
{"approval": false, "denial": null, "event": "Gated", "kind": "navigate", "node": "node_1", "route": "route_1"}
{"command": "stop", "event": "Commanded", "intervention": "", "step": 1, "verdict": "accepted", "via": "terminal"}
{"ask": "pause", "event": "Paused", "intervention": "request_1", "step": 1, "trigger": null}
{"command": "resume", "event": "Commanded", "intervention": "request_1", "step": 1, "verdict": "accepted", "via": "terminal"}
{"event": "HandedBack", "events": 0, "failure": null, "gaps": 0, "interrupted": "performed", "intervention": "request_1", "passed": true, "step": 1}
{"delivery": "completed", "event": "Dispatched", "kind": "navigate", "node": "node_1", "outcome": "ok"}
{"edge": 0, "event": "Transitioned", "node": "node_1", "to": "node_2"}
{"event": "NodeVisited", "kind": "action", "node": "node_2", "step": 2}
{"approval": false, "denial": null, "event": "Gated", "kind": "type", "node": "node_2", "route": "route_1"}
{"delivery": "completed", "event": "Dispatched", "kind": "type", "node": "node_2", "outcome": "ok"}
{"edge": 0, "event": "Transitioned", "node": "node_2", "to": "node_3"}
{"event": "NodeVisited", "kind": "action", "node": "node_3", "step": 3}
{"approval": false, "denial": null, "event": "Gated", "kind": "type", "node": "node_3", "route": "route_1"}
{"delivery": "completed", "event": "Dispatched", "kind": "type", "node": "node_3", "outcome": "ok"}
{"edge": 0, "event": "Transitioned", "node": "node_3", "to": "node_4"}
{"event": "NodeVisited", "kind": "action", "node": "node_4", "step": 4}
{"approval": true, "denial": null, "event": "Gated", "kind": "click", "node": "node_4", "route": "route_1"}
{"ask": "approval", "event": "Paused", "intervention": "request_2", "step": 4, "trigger": "risky_action"}
{"command": "resume", "event": "Commanded", "intervention": "request_2", "step": 4, "verdict": "accepted", "via": "terminal"}
{"event": "HandedBack", "events": 0, "failure": null, "gaps": 0, "interrupted": "pending", "intervention": "request_2", "passed": true, "step": 4}
{"answer": "resumed", "ask": "approval", "event": "Helped", "node": "node_4", "reason": "approval_required"}
{"approval": true, "denial": null, "event": "Gated", "kind": "click", "node": "node_4", "route": "route_1"}
{"ask": "approval", "event": "Paused", "intervention": "request_3", "step": 4, "trigger": "risky_action"}
{"command": "approve", "event": "Commanded", "intervention": "request_3", "step": 4, "verdict": "accepted", "via": "terminal"}
{"event": "HandedBack", "events": 0, "failure": null, "gaps": 0, "interrupted": "pending", "intervention": "request_3", "passed": true, "step": 4}
{"answer": "approved", "ask": "approval", "event": "Helped", "node": "node_4", "reason": "approval_required"}
{"approval": true, "denial": null, "event": "Gated", "kind": "click", "node": "node_4", "route": "route_1"}
{"delivery": "completed", "event": "Dispatched", "kind": "click", "node": "node_4", "outcome": "ok"}
{"edge": 0, "event": "Transitioned", "node": "node_4", "to": "node_5"}
{"event": "NodeVisited", "kind": "action", "node": "node_5", "step": 5}
{"approval": false, "denial": null, "event": "Gated", "kind": "read", "node": "node_5", "route": "route_1"}
{"delivery": "completed", "event": "Dispatched", "kind": "read", "node": "node_5", "outcome": "ok"}
{"edge": 0, "event": "Transitioned", "node": "node_5", "to": "node_6"}
{"event": "NodeVisited", "kind": "result", "node": "node_6", "step": 6}
{"approval": false, "denial": null, "event": "Gated", "kind": "read", "node": "node_6", "route": "route_1"}
{"event": "ReplayEnded", "node": "node_6", "reason": "completed", "status": "succeeded", "steps": 6}
{"event": "Fields", "fields": {"account_number": "<account_number>"}, "source": "output"}
{"code": 0, "event": "CommandEnded"}
