{"command": "discover", "event": "CommandStarted"}
{"alternate_observations": 5, "event": "PolicyAccepted", "max_steps": 60, "max_wall_clock_s": 900, "observation_modes": ["structured", "visual"], "risky_actions": ["accept_dialog"], "safe_actions": ["observe", "read", "wait_for", "assert", "wait", "navigate", "scroll", "move", "click", "double_click", "drag", "press_key", "type", "select", "dismiss_dialog"]}
{"event": "Fields", "fields": {"approver_passcode": "<approver_passcode>"}, "source": "secret"}
{"event": "Fields", "fields": {"member_id": "<member_id>", "operator_id": "<operator_id>"}, "source": "input"}
{"event": "RunStarted", "profile_id": "profile_1"}
{"command": "start", "event": "Commanded", "intervention": "", "step": 0, "verdict": "accepted", "via": "terminal"}
{"confirmed": false, "event": "Interpreted", "outputs": 1, "records": 1}
{"alternate": false, "event": "Observed", "mode": "structured", "provenance": "requested", "status": "partial", "step": 1}
{"alternate": false, "event": "Observed", "mode": "structured", "provenance": "requested", "status": "complete", "step": 1}
{"alternate": false, "event": "Observed", "mode": "structured", "provenance": "requested", "status": "partial", "step": 1}
{"alternate": false, "event": "Observed", "mode": "structured", "provenance": "requested", "status": "complete", "step": 1}
{"alternate": true, "event": "Observed", "mode": "structured", "provenance": "requested", "status": "partial", "step": 2}
{"alternate": false, "event": "Observed", "mode": "structured", "provenance": "requested", "status": "complete", "step": 2}
{"alternate": false, "event": "Observed", "mode": "structured", "provenance": "requested", "status": "partial", "step": 2}
{"alternate": false, "event": "Observed", "mode": "structured", "provenance": "requested", "status": "complete", "step": 2}
{"event": "Decided", "kind": "click", "step": 3}
{"event": "Acted", "flagged": false, "kind": "click", "outcome": "ok", "route": "route_1", "secret_name": null, "side_effects": [], "step": 3, "target_kind": "AxLocator", "value_source": "none"}
{"alternate": false, "event": "Observed", "mode": "structured", "provenance": "post_action", "status": "partial", "step": 3}
{"alternate": false, "event": "Observed", "mode": "structured", "provenance": "post_action", "status": "complete", "step": 3}
{"alternate": false, "event": "Observed", "mode": "structured", "provenance": "post_action", "status": "partial", "step": 3}
{"alternate": false, "event": "Observed", "mode": "structured", "provenance": "post_action", "status": "complete", "step": 3}
{"event": "Decided", "kind": "click", "step": 4}
{"event": "Acted", "flagged": false, "kind": "click", "outcome": "ok", "route": "route_1", "secret_name": null, "side_effects": [], "step": 4, "target_kind": "AxLocator", "value_source": "none"}
{"alternate": false, "event": "Observed", "mode": "structured", "provenance": "post_action", "status": "partial", "step": 4}
{"alternate": false, "event": "Observed", "mode": "structured", "provenance": "post_action", "status": "complete", "step": 4}
{"alternate": false, "event": "Observed", "mode": "structured", "provenance": "post_action", "status": "partial", "step": 4}
{"alternate": false, "event": "Observed", "mode": "structured", "provenance": "post_action", "status": "complete", "step": 4}
{"event": "Decided", "kind": "type", "step": 5}
{"event": "Acted", "flagged": false, "kind": "type", "outcome": "ok", "route": "route_1", "secret_name": null, "side_effects": [], "step": 5, "target_kind": "AxLocator", "value_source": "literal"}
{"alternate": false, "event": "Observed", "mode": "structured", "provenance": "post_action", "status": "partial", "step": 5}
{"alternate": false, "event": "Observed", "mode": "structured", "provenance": "post_action", "status": "complete", "step": 5}
{"alternate": false, "event": "Observed", "mode": "structured", "provenance": "post_action", "status": "partial", "step": 5}
{"alternate": false, "event": "Observed", "mode": "structured", "provenance": "post_action", "status": "complete", "step": 5}
{"alternate": true, "event": "Observed", "mode": "structured", "provenance": "requested", "status": "partial", "step": 6}
{"alternate": false, "event": "Observed", "mode": "structured", "provenance": "requested", "status": "complete", "step": 6}
{"alternate": false, "event": "Observed", "mode": "structured", "provenance": "requested", "status": "partial", "step": 6}
{"alternate": false, "event": "Observed", "mode": "structured", "provenance": "requested", "status": "complete", "step": 6}
{"event": "Decided", "kind": "click", "step": 7}
{"event": "Acted", "flagged": false, "kind": "click", "outcome": "ok", "route": "route_1", "secret_name": null, "side_effects": [], "step": 7, "target_kind": "AxLocator", "value_source": "none"}
{"alternate": false, "event": "Observed", "mode": "structured", "provenance": "post_action", "status": "complete", "step": 7}
{"event": "Decided", "kind": null, "step": 8}
{"alternate": false, "event": "Observed", "mode": "structured", "provenance": "refresh", "status": "complete", "step": 8}
{"checks": 4, "event": "Verified", "passed": 4, "step": 8, "uncovered": 0}
{"detail": "<redacted>", "ending": "completed", "event": "RunEnded", "steps": 8}
{"event": "Fields", "fields": {"membership_status": "<membership_status>"}, "source": "output"}
{"ask": "approval", "event": "Paused", "intervention": "request_1", "step": 0, "trigger": "run_checks"}
{"command": "approve", "event": "Commanded", "intervention": "request_1", "step": 0, "verdict": "accepted", "via": "terminal"}
{"event": "HandedBack", "events": 0, "failure": null, "gaps": 1, "interrupted": "none", "intervention": "request_1", "passed": true, "step": 0}
{"event": "RunStarted", "profile_id": "profile_1"}
{"confirmed": false, "event": "Interpreted", "outputs": 1, "records": 1}
{"alternate": false, "event": "Observed", "mode": "structured", "provenance": "requested", "status": "partial", "step": 1}
{"alternate": false, "event": "Observed", "mode": "structured", "provenance": "requested", "status": "complete", "step": 1}
{"alternate": false, "event": "Observed", "mode": "structured", "provenance": "requested", "status": "partial", "step": 1}
{"alternate": false, "event": "Observed", "mode": "structured", "provenance": "requested", "status": "complete", "step": 1}
{"event": "Decided", "kind": "type", "step": 2}
{"event": "Acted", "flagged": false, "kind": "type", "outcome": "ok", "route": "route_1", "secret_name": null, "side_effects": [], "step": 2, "target_kind": "AxLocator", "value_source": "literal"}
{"alternate": false, "event": "Observed", "mode": "structured", "provenance": "post_action", "status": "partial", "step": 2}
{"alternate": false, "event": "Observed", "mode": "structured", "provenance": "post_action", "status": "complete", "step": 2}
{"alternate": false, "event": "Observed", "mode": "structured", "provenance": "post_action", "status": "partial", "step": 2}
{"alternate": false, "event": "Observed", "mode": "structured", "provenance": "post_action", "status": "complete", "step": 2}
{"alternate": true, "event": "Observed", "mode": "structured", "provenance": "requested", "status": "partial", "step": 3}
{"alternate": false, "event": "Observed", "mode": "structured", "provenance": "requested", "status": "complete", "step": 3}
{"alternate": false, "event": "Observed", "mode": "structured", "provenance": "requested", "status": "partial", "step": 3}
{"alternate": false, "event": "Observed", "mode": "structured", "provenance": "requested", "status": "complete", "step": 3}
{"event": "Decided", "kind": "click", "step": 4}
{"event": "Acted", "flagged": false, "kind": "click", "outcome": "ok", "route": "route_1", "secret_name": null, "side_effects": [], "step": 4, "target_kind": "AxLocator", "value_source": "none"}
{"alternate": false, "event": "Observed", "mode": "structured", "provenance": "post_action", "status": "partial", "step": 4}
{"alternate": false, "event": "Observed", "mode": "structured", "provenance": "post_action", "status": "complete", "step": 4}
{"alternate": false, "event": "Observed", "mode": "structured", "provenance": "post_action", "status": "partial", "step": 4}
{"alternate": false, "event": "Observed", "mode": "structured", "provenance": "post_action", "status": "complete", "step": 4}
{"event": "Decided", "kind": "click", "step": 5}
{"event": "Acted", "flagged": false, "kind": "click", "outcome": "ok", "route": "route_1", "secret_name": null, "side_effects": [], "step": 5, "target_kind": "AxLocator", "value_source": "none"}
{"alternate": false, "event": "Observed", "mode": "structured", "provenance": "post_action", "status": "partial", "step": 5}
{"alternate": false, "event": "Observed", "mode": "structured", "provenance": "post_action", "status": "complete", "step": 5}
{"alternate": false, "event": "Observed", "mode": "structured", "provenance": "post_action", "status": "partial", "step": 5}
{"alternate": false, "event": "Observed", "mode": "structured", "provenance": "post_action", "status": "complete", "step": 5}
{"alternate": true, "event": "Observed", "mode": "structured", "provenance": "requested", "status": "partial", "step": 6}
{"alternate": false, "event": "Observed", "mode": "structured", "provenance": "requested", "status": "complete", "step": 6}
{"alternate": false, "event": "Observed", "mode": "structured", "provenance": "requested", "status": "partial", "step": 6}
{"alternate": false, "event": "Observed", "mode": "structured", "provenance": "requested", "status": "complete", "step": 6}
{"alternate": true, "event": "Observed", "mode": "structured", "provenance": "requested", "status": "partial", "step": 7}
{"alternate": false, "event": "Observed", "mode": "structured", "provenance": "requested", "status": "complete", "step": 7}
{"alternate": false, "event": "Observed", "mode": "structured", "provenance": "requested", "status": "partial", "step": 7}
{"alternate": false, "event": "Observed", "mode": "structured", "provenance": "requested", "status": "complete", "step": 7}
{"alternate": true, "event": "Observed", "mode": "structured", "provenance": "requested", "status": "partial", "step": 8}
{"alternate": false, "event": "Observed", "mode": "structured", "provenance": "requested", "status": "complete", "step": 8}
{"alternate": false, "event": "Observed", "mode": "structured", "provenance": "requested", "status": "partial", "step": 8}
{"alternate": false, "event": "Observed", "mode": "structured", "provenance": "requested", "status": "complete", "step": 8}
{"event": "Decided", "kind": "type", "step": 9}
{"event": "Acted", "flagged": false, "kind": "type", "outcome": "ok", "route": "route_1", "secret_name": null, "side_effects": [], "step": 9, "target_kind": "AxLocator", "value_source": "literal"}
{"alternate": false, "event": "Observed", "mode": "structured", "provenance": "post_action", "status": "partial", "step": 9}
{"alternate": false, "event": "Observed", "mode": "structured", "provenance": "post_action", "status": "complete", "step": 9}
{"alternate": false, "event": "Observed", "mode": "structured", "provenance": "post_action", "status": "partial", "step": 9}
{"alternate": false, "event": "Observed", "mode": "structured", "provenance": "post_action", "status": "complete", "step": 9}
{"event": "Decided", "kind": "click", "step": 10}
{"event": "Acted", "flagged": false, "kind": "click", "outcome": "ok", "route": "route_1", "secret_name": null, "side_effects": [], "step": 10, "target_kind": "AxLocator", "value_source": "none"}
{"alternate": false, "event": "Observed", "mode": "structured", "provenance": "post_action", "status": "complete", "step": 10}
{"event": "Decided", "kind": null, "step": 11}
{"checks": 4, "event": "Verified", "passed": 4, "step": 11, "uncovered": 0}
{"detail": "<redacted>", "ending": "completed", "event": "RunEnded", "steps": 11}
{"ask": "approval", "event": "Paused", "intervention": "request_1", "step": 0, "trigger": "capability_review"}
{"command": "approve", "event": "Commanded", "intervention": "request_1", "step": 0, "verdict": "accepted", "via": "terminal"}
{"event": "HandedBack", "events": 0, "failure": null, "gaps": 1, "interrupted": "none", "intervention": "request_1", "passed": true, "step": 0}
{"code": 0, "event": "CommandEnded"}
