{"command": "replay", "event": "CommandStarted"}
{"event": "Fields", "fields": {"member_id": "<member_id>", "operator_id": "<operator_id>"}, "source": "input"}
{"event": "Fields", "fields": {"approver_passcode": "<approver_passcode>"}, "source": "secret"}
{"capability": "capability_1", "event": "ReplayStarted", "profile_id": "profile_1", "run": "run_1", "version": 1}
{"command": "start", "event": "Commanded", "intervention": "", "step": 0, "verdict": "accepted", "via": "terminal"}
{"event": "NodeVisited", "kind": "action", "node": "node_1", "step": 1}
{"approval": false, "denial": null, "event": "Gated", "kind": "click", "node": "node_1", "route": "route_1"}
{"delivery": "completed", "event": "Dispatched", "kind": "click", "node": "node_1", "outcome": "ok"}
{"edge": 0, "event": "Transitioned", "node": "node_1", "to": "node_2"}
{"event": "NodeVisited", "kind": "action", "node": "node_2", "step": 2}
{"approval": false, "denial": null, "event": "Gated", "kind": "click", "node": "node_2", "route": "route_1"}
{"delivery": "completed", "event": "Dispatched", "kind": "click", "node": "node_2", "outcome": "ok"}
{"edge": 0, "event": "Transitioned", "node": "node_2", "to": "node_3"}
{"event": "NodeVisited", "kind": "action", "node": "node_3", "step": 3}
{"approval": false, "denial": null, "event": "Gated", "kind": "read", "node": "node_3", "route": "route_1"}
{"delivery": "completed", "event": "Dispatched", "kind": "read", "node": "node_3", "outcome": "ok"}
{"edge": 0, "event": "Transitioned", "node": "node_3", "to": "node_4"}
{"event": "NodeVisited", "kind": "action", "node": "node_4", "step": 4}
{"approval": false, "denial": null, "event": "Gated", "kind": "type", "node": "node_4", "route": "route_1"}
{"delivery": "completed", "event": "Dispatched", "kind": "type", "node": "node_4", "outcome": "ok"}
{"edge": 0, "event": "Transitioned", "node": "node_4", "to": "node_5"}
{"event": "NodeVisited", "kind": "action", "node": "node_5", "step": 5}
{"approval": false, "denial": null, "event": "Gated", "kind": "click", "node": "node_5", "route": "route_1"}
{"delivery": "completed", "event": "Dispatched", "kind": "click", "node": "node_5", "outcome": "ok"}
{"edge": 1, "event": "Transitioned", "node": "node_5", "to": "node_6"}
{"event": "NodeVisited", "kind": "result", "node": "node_6", "step": 6}
{"approval": false, "denial": null, "event": "Gated", "kind": "read", "node": "node_6", "route": "route_1"}
{"approval": false, "denial": null, "event": "Gated", "kind": "read", "node": "node_6", "route": "route_1"}
{"approval": false, "denial": null, "event": "Gated", "kind": "read", "node": "node_6", "route": "route_1"}
{"approval": false, "denial": null, "event": "Gated", "kind": "read", "node": "node_6", "route": "route_1"}
{"event": "ReplayEnded", "node": "node_6", "reason": "business_outcome", "status": "outcome", "steps": 6}
{"event": "Fields", "fields": {}, "source": "output"}
{"ask": "person", "event": "Paused", "intervention": "request_1", "step": 0, "trigger": "replay_result"}
{"command": "resume", "event": "Commanded", "intervention": "request_1", "step": 0, "verdict": "accepted", "via": "terminal"}
{"event": "HandedBack", "events": 0, "failure": null, "gaps": 1, "interrupted": "none", "intervention": "request_1", "passed": true, "step": 0}
{"code": 0, "event": "CommandEnded"}
